// Jest Snapshot v1, https://goo.gl/fbAQLP

exports[`matches snapshot 1`] = `
<DocumentFragment>
  <div
    class="MuiContainer-root makeStyles-root-6 MuiContainer-maxWidthXl"
  >
    <div
      class="makeStyles-chat-8"
    >
      <div
        class="makeStyles-list-7"
      />
      <div
        class="MuiContainer-root makeStyles-chatContainer-10 MuiContainer-maxWidthLg"
      >
        <h1
          class="MuiTypography-root makeStyles-title-9 MuiTypography-h4 MuiTypography-alignCenter"
        >
          Chat
        </h1>
         
        <hr
          class="MuiDivider-root"
        />
      </div>
    </div>
  </div>
</DocumentFragment>
`;
