// Jest Snapshot v1, https://goo.gl/fbAQLP

exports[`matches snapshot 1`] = `
<DocumentFragment>
  <div
    class="MuiContainer-root makeStyles-root-7 MuiContainer-maxWidthXl"
  >
    <div
      class="makeStyles-chat-9"
    >
      <div
        class="makeStyles-list-8"
      />
      <div
        class="MuiContainer-root makeStyles-chatContainer-11 MuiContainer-maxWidthLg"
      >
        <h1
          class="MuiTypography-root makeStyles-title-10 MuiTypography-h3 MuiTypography-alignCenter"
        >
          Chat
        </h1>
        <hr
          class="MuiDivider-root"
        />
      </div>
    </div>
  </div>
</DocumentFragment>
`;
