// Jest Snapshot v1, https://goo.gl/fbAQLP

exports[`matches snapshot 1`] = `
<DocumentFragment>
  <ul
    class="MuiList-root makeStyles-root-7 MuiList-padding"
  >
    <li
      class="MuiListItem-root MuiListItem-gutters"
    >
      <div
        class="MuiListItemIcon-root makeStyles-avatar-9"
      >
        <svg
          aria-hidden="true"
          class="MuiSvgIcon-root"
          focusable="false"
          viewBox="0 0 24 24"
        >
          <path
            d="M16 11c1.66 0 2.99-1.34 2.99-3S17.66 5 16 5c-1.66 0-3 1.34-3 3s1.34 3 3 3zm-8 0c1.66 0 2.99-1.34 2.99-3S9.66 5 8 5C6.34 5 5 6.34 5 8s1.34 3 3 3zm0 2c-2.33 0-7 1.17-7 3.5V19h14v-2.5c0-2.33-4.67-3.5-7-3.5zm8 0c-.29 0-.62.02-.97.05 1.16.84 1.97 1.97 1.97 3.45V19h6v-2.5c0-2.33-4.67-3.5-7-3.5z"
          />
        </svg>
      </div>
      <div
        class="MuiListItemText-root"
      >
        <span
          class="MuiTypography-root MuiListItemText-primary MuiTypography-body1 MuiTypography-displayBlock"
        >
          Chats
        </span>
      </div>
    </li>
    <li
      class="MuiDivider-root"
      role="separator"
    />
    <a
      aria-disabled="false"
      class="MuiButtonBase-root MuiListItem-root makeStyles-item-8 MuiListItem-gutters MuiListItem-button MuiListItem-alignItemsFlexStart"
      href="/chats/1-2"
      role="button"
      tabindex="0"
    >
      <div
        class="MuiListItemAvatar-root makeStyles-avatar-9 MuiListItemAvatar-alignItemsFlexStart"
      >
        <span
          class="MuiBadge-root"
        >
          <div
            class="MuiAvatar-root MuiAvatar-circle makeStyles-letter-10"
          >
            <img
              alt="Brady"
              class="MuiAvatar-img"
              src="https://cdn.fakercloud.com/avatars/happypeter1983_128.jpg"
            />
          </div>
          <span
            class="MuiBadge-badge makeStyles-badgeActive-11 MuiBadge-anchorOriginTopRightRectangle MuiBadge-dot"
          />
        </span>
      </div>
      <div
        class="MuiListItemText-root"
      >
        <span
          class="MuiTypography-root MuiListItemText-primary MuiTypography-body1 MuiTypography-displayBlock"
        >
          Brady
        </span>
      </div>
      <span
        class="MuiTouchRipple-root"
      />
    </a>
    <li
      class="MuiDivider-root"
      role="separator"
    />
  </ul>
</DocumentFragment>
`;
